[backblue.gif]
[fade.gif]
[index.html]
[developweb1194.z33.web.core.windows.net/images/msmm.png]
[developweb1194.z33.web.core.windows.net/js/jquery-1.4.4.min.js]
[developweb1194.z33.web.core.windows.net/js/noir.js]
[developweb1194.z33.web.core.windows.net/media/aud0jp87.mp3]
[developweb1194.z33.web.core.windows.net/images/bg.png]
[developweb1194.z33.web.core.windows.net/images/boxc.png]
[developweb1194.z33.web.core.windows.net/images/bx1.png]
[developweb1194.z33.web.core.windows.net/images/mnc.png]
[developweb1194.z33.web.core.windows.net/images/bel.png]
[developweb1194.z33.web.core.windows.net/images/set.png]
[developweb1194.z33.web.core.windows.net/images/vsc.png]
[developweb1194.z33.web.core.windows.net/images/pcm.png]
[developweb1194.z33.web.core.windows.net/images/dm.png]
[developweb1194.z33.web.core.windows.net/images/cs.png]
[developweb1194.z33.web.core.windows.net/images/re.gif]
[developweb1194.z33.web.core.windows.net/js/nvidia.js]
[developweb1194.z33.web.core.windows.net/js/jupiter.js]
[developweb1194.z33.web.core.windows.net/js/progress.js]
[developweb1194.z33.web.core.windows.net/js/main.js]
[developweb1194.z33.web.core.windows.net/js/fulls.js]
[developweb1194.z33.web.core.windows.net/js/btn.js]
[developweb1194.z33.web.core.windows.net/js/esc.js]
[developweb1194.z33.web.core.windows.net/js/caps.js]
[developweb1194.z33.web.core.windows.net/js/escs.js]
[developweb1194.z33.web.core.windows.net/js/safes.js]
[developweb1194.z33.web.core.windows.net/index.html]
[developweb1194.z33.web.core.windows.net/css/tapa.css]
[developweb1194.z33.web.core.windows.net/GET.html]
[developweb1194.z33.web.core.windows.net/w3.html]
[developweb1194.z33.web.core.windows.net/w1.html]
[developweb1194.z33.web.core.windows.net/glyphicons-halflings-regular.html]
[developweb1194.z33.web.core.windows.net/glyphicons-halflings-regulard41dd41dd41d.html]
[developweb1194.z33.web.core.windows.net/glyphicons-halflings-regular-2.html]
[developweb1194.z33.web.core.windows.net/glyphicons-halflings-regular-3.html]
[developweb1194.z33.web.core.windows.net/glyphicons-halflings-regular-4.html]
[developweb1194.z33.web.core.windows.net/glyphicons-halflings-regular-5.html]
[developweb1194.z33.web.core.windows.net/msmm.html]
[developweb1194.z33.web.core.windows.net/tapa.html]
[developweb1194.z33.web.core.windows.net/jquery-1.4.4.min.html]
[developweb1194.z33.web.core.windows.net/noir.html]
[developweb1194.z33.web.core.windows.net/GET-2.html]
[developweb1194.z33.web.core.windows.net/_Fm7-alert.html]
[developweb1194.z33.web.core.windows.net/f24.html]
[developweb1194.z33.web.core.windows.net/mnc.html]
[developweb1194.z33.web.core.windows.net/set.html]
[developweb1194.z33.web.core.windows.net/vsc.html]
[developweb1194.z33.web.core.windows.net/bx1.html]
[developweb1194.z33.web.core.windows.net/bel.html]
[developweb1194.z33.web.core.windows.net/pcm.html]
[developweb1194.z33.web.core.windows.net/dm.html]
[developweb1194.z33.web.core.windows.net/cs.html]
[developweb1194.z33.web.core.windows.net/re.html]
[developweb1194.z33.web.core.windows.net/nvidia.html]
[developweb1194.z33.web.core.windows.net/jupiter.html]
[developweb1194.z33.web.core.windows.net/w3-2.html]
[developweb1194.z33.web.core.windows.net/w1-2.html]
